Archive member included to satisfy reference by file (symbol)

..\qtouch\lib\gcc\libqtm_touch_key_cm0p_0x0002.a(sam_touch_key_g_cm0p.o)
                              qtouch/touch.o (qtm_update_qtlib_timer)
..\qtouch\lib\gcc\libqtm_acq_samd21_0x0024.a(sam_acq_g_samd21.o)
                              qtouch/touch.o (qtm_acquisition_process)
c:/program files (x86)/atmel/studio/7.0/toolchain/arm/arm-gnu-toolchain/bin/../lib/gcc/arm-none-eabi/6.3.1/thumb/v6-m\libgcc.a(_thumb1_case_uhi.o)
                              ..\qtouch\lib\gcc\libqtm_acq_samd21_0x0024.a(sam_acq_g_samd21.o) (__gnu_thumb1_case_uhi)
c:/program files (x86)/atmel/studio/7.0/toolchain/arm/arm-gnu-toolchain/bin/../lib/gcc/arm-none-eabi/6.3.1/thumb/v6-m\libgcc.a(_udivsi3.o)
                              hpl/core/hpl_core_m0plus_base.o (__aeabi_uidiv)
c:/program files (x86)/atmel/studio/7.0/toolchain/arm/arm-gnu-toolchain/bin/../lib/gcc/arm-none-eabi/6.3.1/thumb/v6-m\libgcc.a(_dvmd_tls.o)
                              c:/program files (x86)/atmel/studio/7.0/toolchain/arm/arm-gnu-toolchain/bin/../lib/gcc/arm-none-eabi/6.3.1/thumb/v6-m\libgcc.a(_udivsi3.o) (__aeabi_idiv0)
c:/program files (x86)/atmel/studio/7.0/toolchain/arm/arm-gnu-toolchain/bin/../lib/gcc/arm-none-eabi/6.3.1/thumb/v6-m\libgcc.a(_aeabi_uldivmod.o)
                              hpl/sercom/hpl_sercom.o (__aeabi_uldivmod)
c:/program files (x86)/atmel/studio/7.0/toolchain/arm/arm-gnu-toolchain/bin/../lib/gcc/arm-none-eabi/6.3.1/thumb/v6-m\libgcc.a(_muldi3.o)
                              hpl/sercom/hpl_sercom.o (__aeabi_lmul)
c:/program files (x86)/atmel/studio/7.0/toolchain/arm/arm-gnu-toolchain/bin/../lib/gcc/arm-none-eabi/6.3.1/thumb/v6-m\libgcc.a(_fixunsdfsi.o)
                              hpl/sercom/hpl_sercom.o (__aeabi_d2uiz)
c:/program files (x86)/atmel/studio/7.0/toolchain/arm/arm-gnu-toolchain/bin/../lib/gcc/arm-none-eabi/6.3.1/thumb/v6-m\libgcc.a(_udivmoddi4.o)
                              c:/program files (x86)/atmel/studio/7.0/toolchain/arm/arm-gnu-toolchain/bin/../lib/gcc/arm-none-eabi/6.3.1/thumb/v6-m\libgcc.a(_aeabi_uldivmod.o) (__udivmoddi4)
c:/program files (x86)/atmel/studio/7.0/toolchain/arm/arm-gnu-toolchain/bin/../lib/gcc/arm-none-eabi/6.3.1/thumb/v6-m\libgcc.a(divdf3.o)
                              hpl/sercom/hpl_sercom.o (__aeabi_ddiv)
c:/program files (x86)/atmel/studio/7.0/toolchain/arm/arm-gnu-toolchain/bin/../lib/gcc/arm-none-eabi/6.3.1/thumb/v6-m\libgcc.a(muldf3.o)
                              hpl/sercom/hpl_sercom.o (__aeabi_dmul)
c:/program files (x86)/atmel/studio/7.0/toolchain/arm/arm-gnu-toolchain/bin/../lib/gcc/arm-none-eabi/6.3.1/thumb/v6-m\libgcc.a(subdf3.o)
                              hpl/sercom/hpl_sercom.o (__aeabi_dsub)
c:/program files (x86)/atmel/studio/7.0/toolchain/arm/arm-gnu-toolchain/bin/../lib/gcc/arm-none-eabi/6.3.1/thumb/v6-m\libgcc.a(fixdfsi.o)
                              c:/program files (x86)/atmel/studio/7.0/toolchain/arm/arm-gnu-toolchain/bin/../lib/gcc/arm-none-eabi/6.3.1/thumb/v6-m\libgcc.a(_fixunsdfsi.o) (__aeabi_d2iz)
c:/program files (x86)/atmel/studio/7.0/toolchain/arm/arm-gnu-toolchain/bin/../lib/gcc/arm-none-eabi/6.3.1/thumb/v6-m\libgcc.a(floatsidf.o)
                              hpl/sercom/hpl_sercom.o (__aeabi_i2d)
c:/program files (x86)/atmel/studio/7.0/toolchain/arm/arm-gnu-toolchain/bin/../lib/gcc/arm-none-eabi/6.3.1/thumb/v6-m\libgcc.a(floatunsidf.o)
                              hpl/sercom/hpl_sercom.o (__aeabi_ui2d)
c:/program files (x86)/atmel/studio/7.0/toolchain/arm/arm-gnu-toolchain/bin/../lib/gcc/arm-none-eabi/6.3.1/thumb/v6-m\libgcc.a(_arm_cmpdf2.o)
                              c:/program files (x86)/atmel/studio/7.0/toolchain/arm/arm-gnu-toolchain/bin/../lib/gcc/arm-none-eabi/6.3.1/thumb/v6-m\libgcc.a(_fixunsdfsi.o) (__aeabi_dcmpge)
c:/program files (x86)/atmel/studio/7.0/toolchain/arm/arm-gnu-toolchain/bin/../lib/gcc/arm-none-eabi/6.3.1/thumb/v6-m\libgcc.a(_clzsi2.o)
                              c:/program files (x86)/atmel/studio/7.0/toolchain/arm/arm-gnu-toolchain/bin/../lib/gcc/arm-none-eabi/6.3.1/thumb/v6-m\libgcc.a(divdf3.o) (__clzsi2)
c:/program files (x86)/atmel/studio/7.0/toolchain/arm/arm-gnu-toolchain/bin/../lib/gcc/arm-none-eabi/6.3.1/thumb/v6-m\libgcc.a(_clzdi2.o)
                              c:/program files (x86)/atmel/studio/7.0/toolchain/arm/arm-gnu-toolchain/bin/../lib/gcc/arm-none-eabi/6.3.1/thumb/v6-m\libgcc.a(_udivmoddi4.o) (__clzdi2)
c:/program files (x86)/atmel/studio/7.0/toolchain/arm/arm-gnu-toolchain/bin/../lib/gcc/arm-none-eabi/6.3.1/thumb/v6-m\libgcc.a(eqdf2.o)
                              c:/program files (x86)/atmel/studio/7.0/toolchain/arm/arm-gnu-toolchain/bin/../lib/gcc/arm-none-eabi/6.3.1/thumb/v6-m\libgcc.a(_arm_cmpdf2.o) (__eqdf2)
c:/program files (x86)/atmel/studio/7.0/toolchain/arm/arm-gnu-toolchain/bin/../lib/gcc/arm-none-eabi/6.3.1/thumb/v6-m\libgcc.a(gedf2.o)
[...]
Memory Configuration

Name             Origin             Length             Attributes
rom              0x00000000         0x00040000         xr
ram              0x20000000         0x00008000         xrw
*default*        0x00000000         0xffffffff

Linker script and memory map

LOAD c:/program files (x86)/atmel/studio/7.0/toolchain/arm/arm-gnu-toolchain/bin/../lib/gcc/arm-none-eabi/6.3.1/thumb/v6-m/crti.o
LOAD c:/program files (x86)/atmel/studio/7.0/toolchain/arm/arm-gnu-toolchain/bin/../lib/gcc/arm-none-eabi/6.3.1/thumb/v6-m/crtbegin.o
LOAD c:/program files (x86)/atmel/studio/7.0/toolchain/arm/arm-gnu-toolchain/bin/../lib/gcc/arm-none-eabi/6.3.1/../../../../arm-none-eabi/lib/thumb/v6-m/crt0.o
LOAD atmel_start.o
LOAD Device_Startup/startup_samd21.o
LOAD Device_Startup/system_samd21.o
LOAD driver_init.o
LOAD examples/driver_examples.o
LOAD examples/touch_example.o
LOAD hal/src/hal_atomic.o
LOAD hal/src/hal_delay.o
LOAD hal/src/hal_gpio.o
LOAD hal/src/hal_init.o
LOAD hal/src/hal_io.o
LOAD hal/src/hal_sleep.o
LOAD hal/src/hal_timer.o
LOAD hal/src/hal_usart_async.o
LOAD hal/utils/src/utils_assert.o
LOAD hal/utils/src/utils_event.o
LOAD hal/utils/src/utils_list.o
LOAD hal/utils/src/utils_ringbuffer.o
LOAD hal/utils/src/utils_syscalls.o
LOAD hpl/core/hpl_core_m0plus_base.o
LOAD hpl/core/hpl_init.o
LOAD hpl/dmac/hpl_dmac.o
LOAD hpl/gclk/hpl_gclk.o
LOAD hpl/pm/hpl_pm.o
LOAD hpl/rtc/hpl_rtc.o
LOAD hpl/sercom/hpl_sercom.o
LOAD hpl/sysctrl/hpl_sysctrl.o
LOAD main.o
LOAD qtouch/datastreamer/datastreamer_UART_sam.o
LOAD qtouch/touch.o
START GROUP
LOAD ..\qtouch\lib\gcc\libqtm_touch_key_cm0p_0x0002.a
LOAD ..\qtouch\lib\gcc\libqtm_binding_layer_cm0p_0x0005.a
LOAD ..\qtouch\lib\gcc\libqtm_acq_samd21_0x0024.a
LOAD c:/program files (x86)/atmel/studio/7.0/toolchain/arm/arm-gnu-toolchain/bin/../lib/gcc/arm-none-eabi/6.3.1/../../../../arm-none-eabi/lib/thumb/v6-m\libm.a
END GROUP
START GROUP
LOAD c:/program files (x86)/atmel/studio/7.0/toolchain/arm/arm-gnu-toolchain/bin/../lib/gcc/arm-none-eabi/6.3.1/thumb/v6-m\libgcc.a
LOAD c:/program files (x86)/atmel/studio/7.0/toolchain/arm/arm-gnu-toolchain/bin/../lib/gcc/arm-none-eabi/6.3.1/../../../../arm-none-eabi/lib/thumb/v6-m\libc_nano.a
END GROUP
START GROUP
LOAD c:/program files (x86)/atmel/studio/7.0/toolchain/arm/arm-gnu-toolchain/bin/../lib/gcc/arm-none-eabi/6.3.1/thumb/v6-m\libgcc.a
LOAD c:/program files (x86)/atmel/studio/7.0/toolchain/arm/arm-gnu-toolchain/bin/../lib/gcc/arm-none-eabi/6.3.1/../../../../arm-none-eabi/lib/thumb/v6-m\libc_nano.a
END GROUP
LOAD c:/program files (x86)/atmel/studio/7.0/toolchain/arm/arm-gnu-toolchain/bin/../lib/gcc/arm-none-eabi/6.3.1/thumb/v6-m/crtend.o
LOAD c:/program files (x86)/atmel/studio/7.0/toolchain/arm/arm-gnu-toolchain/bin/../lib/gcc/arm-none-eabi/6.3.1/thumb/v6-m/crtn.o
                0x00002000                STACK_SIZE = DEFINED (STACK_SIZE)?STACK_SIZE:DEFINED (__stack_size__)?__stack_size__:0x2000

.text           0x00000000     0x2a0c
                0x00000000                . = ALIGN (0x4)
                0x00000000                _sfixed = .
 *(.vectors .vectors.*)
 .vectors       0x00000000       0xb4 Device_Startup/startup_samd21.o
                0x00000000                exception_table
 *(.text .text.* .gnu.linkonce.t.*)
 .text          0x000000b4       0x60 c:/program files (x86)/atmel/studio/7.0/toolchain/arm/arm-gnu-toolchain/bin/../lib/gcc/arm-none-eabi/6.3.1/thumb/v6-m/crtbegin.o
 .text.atmel_start_init
                0x00000114       0x14 atmel_start.o
                0x00000114                atmel_start_init
 .text.Dummy_Handler
                0x00000128        0x2 Device_Startup/startup_samd21.o
                0x00000128                SVCall_Handler
                0x00000128                DMAC_Handler
                0x00000128                HardFault_Handler
                0x00000128                AC_Handler
                0x00000128                SysTick_Handler
                0x00000128                PendSV_Handler
                0x00000128                TC7_Handler
                0x00000128                SERCOM1_Handler
                0x00000128                ADC_Handler
                0x00000128                NonMaskableInt_Handler
                0x00000128                TCC1_Handler
                0x00000128                TCC0_Handler
                0x00000128                EIC_Handler
                0x00000128                TC6_Handler
                0x00000128                WDT_Handler
                0x00000128                TC4_Handler
                0x00000128                USB_Handler
                0x00000128                TC3_Handler
                0x00000128                Dummy_Handler
                0x00000128                PM_Handler
                0x00000128                SERCOM5_Handler
                0x00000128                TCC2_Handler
                0x00000128                EVSYS_Handler
                0x00000128                SERCOM3_Handler
                0x00000128                SERCOM4_Handler
                0x00000128                I2S_Handler
                0x00000128                NVMCTRL_Handler
                0x00000128                SERCOM0_Handler
                0x00000128                DAC_Handler
                0x00000128                TC5_Handler
                0x00000128                SYSCTRL_Handler
 *fill*         0x0000012a        0x2 
 .text.Reset_Handler
                0x0000012c       0xe4 Device_Startup/startup_samd21.o
                0x0000012c                Reset_Handler
 .text.USART_CLOCK_init
                0x00000210       0x20 driver_init.o
                0x00000210                USART_CLOCK_init
 .text.USART_PORT_init
                0x00000230       0x40 driver_init.o
                0x00000230                USART_PORT_init
 .text.USART_init
                0x00000270       0x38 driver_init.o
                0x00000270                USART_init
 .text.system_init
                0x000002a8       0x60 driver_init.o
                0x000002a8                system_init
 .text.touch_status_display
                0x00000308      0x51c examples/touch_example.o
                0x00000308                touch_status_display
 .text.touch_example
                0x00000824       0x28 examples/touch_example.o
                0x00000824                touch_example
 .text.atomic_enter_critical
                0x0000084c        0xe hal/src/hal_atomic.o
                0x0000084c                atomic_enter_critical
 .text.atomic_leave_critical
                0x0000085a        0xc hal/src/hal_atomic.o
                0x0000085a                atomic_leave_critical
 *fill*         0x00000866        0x2 
 .text.io_write
                0x00000868       0x34 hal/src/hal_io.o
                0x00000868                io_write
 .text.timer_add_timer_task
                0x0000089c       0x70 hal/src/hal_timer.o
 .text.timer_process_counted
                0x0000090c       0x8c hal/src/hal_timer.o
 .text.timer_init
                0x00000998       0x44 hal/src/hal_timer.o
                0x00000998                timer_init
 .text.timer_start
                0x000009dc       0x3c hal/src/hal_timer.o
                0x000009dc                timer_start
 .text.timer_add_task
                0x00000a18       0xac hal/src/hal_timer.o
                0x00000a18                timer_add_task
 .text.timer_remove_task
                0x00000ac4       0xa4 hal/src/hal_timer.o
                0x00000ac4                timer_remove_task
 .text.usart_transmission_complete
                0x00000b68       0x12 hal/src/hal_usart_async.o
 .text.usart_error
                0x00000b7a       0x12 hal/src/hal_usart_async.o
 .text.usart_fill_rx_buffer
                0x00000b8c       0x1c hal/src/hal_usart_async.o
 .text.usart_async_write
                0x00000ba8       0x64 hal/src/hal_usart_async.o
 .text.usart_process_byte_sent
                0x00000c0c       0x40 hal/src/hal_usart_async.o
 .text.usart_async_read
                0x00000c4c       0xe0 hal/src/hal_usart_async.o
 .text.usart_async_init
                0x00000d2c       0x98 hal/src/hal_usart_async.o
                0x00000d2c                usart_async_init
 .text.usart_async_enable
                0x00000dc4       0x2c hal/src/hal_usart_async.o
                0x00000dc4                usart_async_enable
 .text.usart_async_is_tx_empty
                0x00000df0       0x28 hal/src/hal_usart_async.o
                0x00000df0                usart_async_is_tx_empty
 .text.assert   0x00000e18        0x8 hal/utils/src/utils_assert.o
                0x00000e18                assert
 .text.is_list_element
                0x00000e20       0x24 hal/utils/src/utils_list.o
                0x00000e20                is_list_element
 .text.list_insert_as_head
                0x00000e44       0x2c hal/utils/src/utils_list.o
                0x00000e44                list_insert_as_head
 .text.list_insert_after
                0x00000e70        0x8 hal/utils/src/utils_list.o
                0x00000e70                list_insert_after
 .text.list_remove_head
                0x00000e78        0xe hal/utils/src/utils_list.o
                0x00000e78                list_remove_head
 .text.list_delete_element
                0x00000e86       0x40 hal/utils/src/utils_list.o
                0x00000e86                list_delete_element
 *fill*         0x00000ec6        0x2 
 .text.ringbuffer_init
                0x00000ec8       0x54 hal/utils/src/utils_ringbuffer.o
                0x00000ec8                ringbuffer_init
 .text.ringbuffer_get
                0x00000f1c       0x48 hal/utils/src/utils_ringbuffer.o
                0x00000f1c                ringbuffer_get
 .text.ringbuffer_put
                0x00000f64       0x40 hal/utils/src/utils_ringbuffer.o
                0x00000f64                ringbuffer_put
 .text.ringbuffer_num
                0x00000fa4       0x24 hal/utils/src/utils_ringbuffer.o
                0x00000fa4                ringbuffer_num
 .text._init_chip
                0x00000fc8       0x38 hpl/core/hpl_init.o
                0x00000fc8                _init_chip
 .text._gclk_init_generators_by_fref
                0x00001000       0x78 hpl/gclk/hpl_gclk.o
                0x00001000                _gclk_init_generators_by_fref
 .text._pm_init
                0x00001078       0x20 hpl/pm/hpl_pm.o
                0x00001078                _pm_init
 .text._timer_init
                0x00001098       0x5c hpl/rtc/hpl_rtc.o
                0x00001098                _timer_init
 .text._timer_start
                0x000010f4       0x54 hpl/rtc/hpl_rtc.o
                0x000010f4                _timer_start
 .text._timer_is_started
                0x00001148       0x10 hpl/rtc/hpl_rtc.o
                0x00001148                _timer_is_started
 .text._timer_set_irq
                0x00001158        0x2 hpl/rtc/hpl_rtc.o
                0x00001158                _timer_set_irq
 .text._rtc_get_timer
                0x0000115a        0x4 hpl/rtc/hpl_rtc.o
                0x0000115a                _rtc_get_timer
 *fill*         0x0000115e        0x2 
 .text.RTC_Handler
                0x00001160       0x24 hpl/rtc/hpl_rtc.o
                0x00001160                RTC_Handler
 .text._usart_init
                0x00001184       0x9c hpl/sercom/hpl_sercom.o
 .text._usart_async_init
                0x00001220       0x7c hpl/sercom/hpl_sercom.o
                0x00001220                _usart_async_init
 .text._usart_async_enable
                0x0000129c       0x14 hpl/sercom/hpl_sercom.o
                0x0000129c                _usart_async_enable
 .text._usart_async_write_byte
                0x000012b0        0x8 hpl/sercom/hpl_sercom.o
                0x000012b0                _usart_async_write_byte
 .text._usart_async_is_byte_sent
                0x000012b8        0xa hpl/sercom/hpl_sercom.o
                0x000012b8                _usart_async_is_byte_sent
 .text._usart_async_enable_byte_sent_irq
                0x000012c2        0x8 hpl/sercom/hpl_sercom.o
                0x000012c2                _usart_async_enable_byte_sent_irq
 .text._usart_async_enable_tx_done_irq
                0x000012ca        0x8 hpl/sercom/hpl_sercom.o
                0x000012ca                _usart_async_enable_tx_done_irq
 *fill*         0x000012d2        0x2 
 .text.SERCOM2_Handler
                0x000012d4       0x6c hpl/sercom/hpl_sercom.o
                0x000012d4                SERCOM2_Handler
 .text._sysctrl_init_sources
                0x00001340       0x48 hpl/sysctrl/hpl_sysctrl.o
                0x00001340                _sysctrl_init_sources
 .text._sysctrl_init_referenced_generators
                0x00001388       0x8c hpl/sysctrl/hpl_sysctrl.o
                0x00001388                _sysctrl_init_referenced_generators
 .text.main     0x00001414       0x14 main.o
                0x00001414                main
 .text.datastreamer_init
                0x00001428       0x14 qtouch/datastreamer/datastreamer_UART_sam.o
                0x00001428                datastreamer_init
 .text.datastreamer_output
                0x0000143c       0xfc qtouch/datastreamer/datastreamer_UART_sam.o
                0x0000143c                datastreamer_output
 .text.qtm_measure_complete_callback
                0x00001538        0xc qtouch/touch.o
 .text.touch_process
                0x00001544       0x94 qtouch/touch.o
                0x00001544                touch_process
 .text.touch_timer_handler
                0x000015d8       0x18 qtouch/touch.o
                0x000015d8                touch_timer_handler
 .text.Timer_task_cb
                0x000015f0        0xc qtouch/touch.o
                0x000015f0                Timer_task_cb
 .text.touch_timer_config
                0x000015fc       0x54 qtouch/touch.o
                0x000015fc                touch_timer_config
 .text.touch_init
                0x00001650       0x78 qtouch/touch.o
                0x00001650                touch_init
 .text.get_sensor_node_signal
                0x000016c8       0x14 qtouch/touch.o
                0x000016c8                get_sensor_node_signal
 .text.get_sensor_cc_val
                0x000016dc       0x14 qtouch/touch.o
                0x000016dc                get_sensor_cc_val
 .text.get_sensor_state
                0x000016f0       0x14 qtouch/touch.o
                0x000016f0                get_sensor_state
 .text.PTC_Handler
                0x00001704       0x14 qtouch/touch.o
                0x00001704                PTC_Handler
 .text.check_for_aks_block
                0x00001718       0x88 ..\qtouch\lib\gcc\libqtm_touch_key_cm0p_0x0002.a(sam_touch_key_g_cm0p.o)
 .text.qtm_update_qtlib_timer
                0x000017a0       0x10 ..\qtouch\lib\gcc\libqtm_touch_key_cm0p_0x0002.a(sam_touch_key_g_cm0p.o)
                0x000017a0                qtm_update_qtlib_timer
 .text.qtm_init_sensor_key
                0x000017b0       0x28 ..\qtouch\lib\gcc\libqtm_touch_key_cm0p_0x0002.a(sam_touch_key_g_cm0p.o)
                0x000017b0                qtm_init_sensor_key
 .text.qtm_key_sensors_process
                0x000017d8      0x50c ..\qtouch\lib\gcc\libqtm_touch_key_cm0p_0x0002.a(sam_touch_key_g_cm0p.o)
                0x000017d8                qtm_key_sensors_process
 .text.sync_config
                0x00001ce4       0x18 ..\qtouch\lib\gcc\libqtm_acq_samd21_0x0024.a(sam_acq_g_samd21.o)
 .text.charge_share_test
                0x00001cfc       0x8c ..\qtouch\lib\gcc\libqtm_acq_samd21_0x0024.a(sam_acq_g_samd21.o)
 .text.select_next_channel_to_measure
                0x00001d88       0x40 ..\qtouch\lib\gcc\libqtm_acq_samd21_0x0024.a(sam_acq_g_samd21.o)
 .text.qtm_measure_node
                0x00001dc8      0x1c0 ..\qtouch\lib\gcc\libqtm_acq_samd21_0x0024.a(sam_acq_g_samd21.o)
 .text.qtm_load_group_config.isra.1
                0x00001f88       0x70 ..\qtouch\lib\gcc\libqtm_acq_samd21_0x0024.a(sam_acq_g_samd21.o)
 .text.qtm_acquisition_process
                0x00001ff8      0x340 ..\qtouch\lib\gcc\libqtm_acq_samd21_0x0024.a(sam_acq_g_samd21.o)
                0x00001ff8                qtm_acquisition_process
 .text.qtm_ptc_init_acquisition_module
                0x00002338      0x12c ..\qtouch\lib\gcc\libqtm_acq_samd21_0x0024.a(sam_acq_g_samd21.o)
                0x00002338                qtm_ptc_init_acquisition_module
 .text.qtm_ptc_qtlib_assign_signal_memory
                0x00002464       0x14 ..\qtouch\lib\gcc\libqtm_acq_samd21_0x0024.a(sam_acq_g_samd21.o)
                0x00002464                qtm_ptc_qtlib_assign_signal_memory
 .text.qtm_ptc_start_measurement_seq
                0x00002478       0xec ..\qtouch\lib\gcc\libqtm_acq_samd21_0x0024.a(sam_acq_g_samd21.o)
                0x00002478                qtm_ptc_start_measurement_seq
 .text.qtm_enable_sensor_node
                0x00002564       0x20 ..\qtouch\lib\gcc\libqtm_acq_samd21_0x0024.a(sam_acq_g_samd21.o)
                0x00002564                qtm_enable_sensor_node
 .text.qtm_calibrate_sensor_node
                0x00002584       0x50 ..\qtouch\lib\gcc\libqtm_acq_samd21_0x0024.a(sam_acq_g_samd21.o)
                0x00002584                qtm_calibrate_sensor_node
 .text.qtm_ptc_clear_interrupt
                0x000025d4       0x24 ..\qtouch\lib\gcc\libqtm_acq_samd21_0x0024.a(sam_acq_g_samd21.o)
                0x000025d4                qtm_ptc_clear_interrupt
 .text.qtm_samd21_ptc_handler_eoc
                0x000025f8       0xac ..\qtouch\lib\gcc\libqtm_acq_samd21_0x0024.a(sam_acq_g_samd21.o)
                0x000025f8                qtm_samd21_ptc_handler_eoc
 .text          0x000026a4       0x14 c:/program files (x86)/atmel/studio/7.0/toolchain/arm/arm-gnu-toolchain/bin/../lib/gcc/arm-none-eabi/6.3.1/thumb/v6-m\libgcc.a(_thumb1_case_uhi.o)
                0x000026a4                __gnu_thumb1_case_uhi
 .text          0x000026b8      0x114 c:/program files (x86)/atmel/studio/7.0/toolchain/arm/arm-gnu-toolchain/bin/../lib/gcc/arm-none-eabi/6.3.1/thumb/v6-m\libgcc.a(_udivsi3.o)
                0x000026b8                __aeabi_uidiv
                0x000026b8                __udivsi3
                0x000027c4                __aeabi_uidivmod
 .text          0x000027cc        0x4 c:/program files (x86)/atmel/studio/7.0/toolchain/arm/arm-gnu-toolchain/bin/../lib/gcc/arm-none-eabi/6.3.1/thumb/v6-m\libgcc.a(_dvmd_tls.o)
                0x000027cc                __aeabi_idiv0
                0x000027cc                __aeabi_ldiv0
 .text.__libc_init_array
                0x000027d0       0x48 c:/program files (x86)/atmel/studio/7.0/toolchain/arm/arm-gnu-toolchain/bin/../lib/gcc/arm-none-eabi/6.3.1/../../../../arm-none-eabi/lib/thumb/v6-m\libc_nano.a(lib_a-init.o)
                0x000027d0                __libc_init_array
 .text.memset   0x00002818       0x10 c:/program files (x86)/atmel/studio/7.0/toolchain/arm/arm-gnu-toolchain/bin/../lib/gcc/arm-none-eabi/6.3.1/../../../../arm-none-eabi/lib/thumb/v6-m\libc_nano.a(lib_a-memset.o)
                0x00002818                memset
 .text          0x00002828        0xe c:/program files (x86)/atmel/studio/7.0/toolchain/arm/arm-gnu-toolchain/bin/../lib/gcc/arm-none-eabi/6.3.1/../../../../arm-none-eabi/lib/thumb/v6-m\libc_nano.a(lib_a-strlen.o)
                0x00002828                strlen
 *fill*         0x00002836        0x2 
 .text.__utoa   0x00002838       0x74 c:/program files (x86)/atmel/studio/7.0/toolchain/arm/arm-gnu-toolchain/bin/../lib/gcc/arm-none-eabi/6.3.1/../../../../arm-none-eabi/lib/thumb/v6-m\libc_nano.a(lib_a-utoa.o)
                0x00002838                __utoa
 .text.utoa     0x000028ac        0x8 c:/program files (x86)/atmel/studio/7.0/toolchain/arm/arm-gnu-toolchain/bin/../lib/gcc/arm-none-eabi/6.3.1/../../../../arm-none-eabi/lib/thumb/v6-m\libc_nano.a(lib_a-utoa.o)
                0x000028ac                utoa
 .text.memcpy   0x000028b4       0x12 c:/program files (x86)/atmel/studio/7.0/toolchain/arm/arm-gnu-toolchain/bin/../lib/gcc/arm-none-eabi/6.3.1/../../../../arm-none-eabi/lib/thumb/v6-m\libc_nano.a(lib_a-memcpy-stub.o)
                0x000028b4                memcpy
 *(.glue_7t)
 .glue_7t       0x000028c6        0x0 linker stubs
 *(.glue_7)
 .glue_7        0x000028c6        0x0 linker stubs
 *(.rodata .rodata* .gnu.linkonce.r.*)
 *fill*         0x000028c6        0x2 
 .rodata.str1.4
                0x000028c8       0x14 hal/src/hal_io.o
 .rodata.str1.4
                0x000028dc       0x17 hal/src/hal_timer.o
 *fill*         0x000028f3        0x1 
 .rodata.str1.4
                0x000028f4       0x1d hal/src/hal_usart_async.o
 *fill*         0x00002911        0x3 
 .rodata.str1.4
                0x00002914       0x1e hal/utils/src/utils_list.o
 *fill*         0x00002932        0x2 
 .rodata.str1.4
                0x00002934       0x24 hal/utils/src/utils_ringbuffer.o
 .rodata.str1.4
                0x00002958       0x15 hpl/rtc/hpl_rtc.o
 *fill*         0x0000296d        0x3 
 .rodata.str1.4
                0x00002970       0x1b hpl/sercom/hpl_sercom.o
 *fill*         0x0000298b        0x1 
 .rodata.str1.4
                0x0000298c        0x8 qtouch/datastreamer/datastreamer_UART_sam.o
                                  0x6 (size before relaxing)
 .rodata.cst1   0x00002994        0x2 ..\qtouch\lib\gcc\libqtm_acq_samd21_0x0024.a(sam_acq_g_samd21.o)
 .rodata        0x00002996       0x2e ..\qtouch\lib\gcc\libqtm_acq_samd21_0x0024.a(sam_acq_g_samd21.o)
 .rodata.__utoa.str1.1
                0x000029c4       0x25 c:/program files (x86)/atmel/studio/7.0/toolchain/arm/arm-gnu-toolchain/bin/../lib/gcc/arm-none-eabi/6.3.1/../../../../arm-none-eabi/lib/thumb/v6-m\libc_nano.a(lib_a-utoa.o)
 *(.ARM.extab* .gnu.linkonce.armextab.*)
                0x000029ec                . = ALIGN (0x4)
 *fill*         0x000029e9        0x3 
 *(.init)
 .init          0x000029ec        0x4 c:/program files (x86)/atmel/studio/7.0/toolchain/arm/arm-gnu-toolchain/bin/../lib/gcc/arm-none-eabi/6.3.1/thumb/v6-m/crti.o
                0x000029ec                _init
 .init          0x000029f0        0x8 c:/program files (x86)/atmel/studio/7.0/toolchain/arm/arm-gnu-toolchain/bin/../lib/gcc/arm-none-eabi/6.3.1/thumb/v6-m/crtn.o
                0x000029f8                . = ALIGN (0x4)
                0x000029f8                __preinit_array_start = .
 *(.preinit_array)
                0x000029f8                __preinit_array_end = .
                0x000029f8                . = ALIGN (0x4)
                0x000029f8                __init_array_start = .
 *(SORT(.init_array.*))
 *(.init_array)
 .init_array    0x000029f8        0x4 c:/program files (x86)/atmel/studio/7.0/toolchain/arm/arm-gnu-toolchain/bin/../lib/gcc/arm-none-eabi/6.3.1/thumb/v6-m/crtbegin.o
                0x000029fc                __init_array_end = .
                0x000029fc                . = ALIGN (0x4)
 *crtbegin.o(.ctors)
 *(EXCLUDE_FILE(*crtend.o) .ctors)
 *(SORT(.ctors.*))
 *crtend.o(.ctors)
                0x000029fc                . = ALIGN (0x4)
 *(.fini)
 .fini          0x000029fc        0x4 c:/program files (x86)/atmel/studio/7.0/toolchain/arm/arm-gnu-toolchain/bin/../lib/gcc/arm-none-eabi/6.3.1/thumb/v6-m/crti.o
                0x000029fc                _fini
 .fini          0x00002a00        0x8 c:/program files (x86)/atmel/studio/7.0/toolchain/arm/arm-gnu-toolchain/bin/../lib/gcc/arm-none-eabi/6.3.1/thumb/v6-m/crtn.o
                0x00002a08                . = ALIGN (0x4)
                0x00002a08                __fini_array_start = .
 *(.fini_array)
 .fini_array    0x00002a08        0x4 c:/program files (x86)/atmel/studio/7.0/toolchain/arm/arm-gnu-toolchain/bin/../lib/gcc/arm-none-eabi/6.3.1/thumb/v6-m/crtbegin.o
 *(SORT(.fini_array.*))
                0x00002a0c                __fini_array_end = .
 *crtbegin.o(.dtors)
 *(EXCLUDE_FILE(*crtend.o) .dtors)
 *(SORT(.dtors.*))
 *crtend.o(.dtors)
                0x00002a0c                . = ALIGN (0x4)
                0x00002a0c                _efixed = .
                [!provide]                PROVIDE (__exidx_start, .)

.vfp11_veneer   0x00002a0c        0x0
 .vfp11_veneer  0x00002a0c        0x0 linker stubs

.v4_bx          0x00002a0c        0x0
 .v4_bx         0x00002a0c        0x0 linker stubs

.iplt           0x00002a0c        0x0
 .iplt          0x00002a0c        0x0 c:/program files (x86)/atmel/studio/7.0/toolchain/arm/arm-gnu-toolchain/bin/../lib/gcc/arm-none-eabi/6.3.1/thumb/v6-m/crtbegin.o

.eh_frame       0x00002a0c        0x0
 .eh_frame      0x00002a0c        0x0 c:/program files (x86)/atmel/studio/7.0/toolchain/arm/arm-gnu-toolchain/bin/../lib/gcc/arm-none-eabi/6.3.1/thumb/v6-m/crtbegin.o

.rel.dyn        0x00002a0c        0x0
 .rel.iplt      0x00002a0c        0x0 c:/program files (x86)/atmel/studio/7.0/toolchain/arm/arm-gnu-toolchain/bin/../lib/gcc/arm-none-eabi/6.3.1/thumb/v6-m/crtbegin.o

.jcr            0x00002a0c        0x0
 .jcr           0x00002a0c        0x0 c:/program files (x86)/atmel/studio/7.0/toolchain/arm/arm-gnu-toolchain/bin/../lib/gcc/arm-none-eabi/6.3.1/thumb/v6-m/crtbegin.o

.igot.plt       0x00002a0c        0x0
 .igot.plt      0x00002a0c        0x0 c:/program files (x86)/atmel/studio/7.0/toolchain/arm/arm-gnu-toolchain/bin/../lib/gcc/arm-none-eabi/6.3.1/thumb/v6-m/crtbegin.o

.ARM.exidx
 *(.ARM.exidx* .gnu.linkonce.armexidx.*)
                [!provide]                PROVIDE (__exidx_end, .)
                0x00002a0c                . = ALIGN (0x4)
                0x00002a0c                _etext = .

.relocate       0x20000000      0x710 load address 0x00002a0c
                0x20000000                . = ALIGN (0x4)
                0x20000000                _srelocate = .
 *(.ramfunc .ramfunc.*)
 *(.data .data.*)
 .data          0x20000000      0x70e qtouch/touch.o
                0x20000000                qtlib_acq_set1
                0x2000000c                qtlib_key_set1
                0x2000001c                qtlib_key_configs_set1
                0x200001fc                qtlib_key_grp_config_set1
                0x20000208                ptc_seq_node_cfg1
                0x20000708                ptc_qtlib_acq_gen1
 .data          0x2000070e        0x1 ..\qtouch\lib\gcc\libqtm_acq_samd21_0x0024.a(sam_acq_g_samd21.o)
                0x2000070e                qtm_which_mode_current
                0x20000710                . = ALIGN (0x4)
 *fill*         0x2000070f        0x1 
                0x20000710                _erelocate = .

.bss            0x20000710      0xd6c load address 0x0000311c
                0x20000710                . = ALIGN (0x4)
                0x20000710                _sbss = .
                0x20000710                _szero = .
 *(.bss .bss.*)
 .bss           0x20000710       0x1c c:/program files (x86)/atmel/studio/7.0/toolchain/arm/arm-gnu-toolchain/bin/../lib/gcc/arm-none-eabi/6.3.1/thumb/v6-m/crtbegin.o
 .bss           0x2000072c       0x10 driver_init.o
 .bss           0x2000073c        0x1 examples/touch_example.o
                0x2000073c                key_status
 *fill*         0x2000073d        0x3 
 .bss           0x20000740        0x4 hpl/rtc/hpl_rtc.o
 .bss           0x20000744        0x4 hpl/sercom/hpl_sercom.o
 .bss           0x20000748       0x1c qtouch/touch.o
                0x20000748                touch_postprocess_request
                0x20000749                time_to_measure_touch_flag
                0x2000074a                module_error_code
                0x2000074b                measurement_done_touch
 .bss           0x20000764        0x2 ..\qtouch\lib\gcc\libqtm_touch_key_cm0p_0x0002.a(sam_touch_key_g_cm0p.o)
                0x20000764                qtm_local_ms_timecount
 *fill*         0x20000766        0x2 
 .bss           0x20000768       0x14 ..\qtouch\lib\gcc\libqtm_acq_samd21_0x0024.a(sam_acq_g_samd21.o)
                0x20000768                current_measure_channel
 *(COMMON)
 COMMON         0x2000077c       0x6c driver_init.o
                0x2000077c                Timer
                0x20000798                USART
 COMMON         0x200007e8      0xc88 qtouch/touch.o
                0x200007e8                qtlib_key_grp_data_set1
                0x200007f0                ptc_qtlib_node_stat1
                0x20000bb0                touch_acq_signals_raw
                0x20000cf0                qtlib_key_data_set1
 COMMON         0x20001470        0xc ..\qtouch\lib\gcc\libqtm_acq_samd21_0x0024.a(sam_acq_g_samd21.o)
                0x20001470                p_qtm_drivenshield_config
                0x20001474                qtm_acquisition_control_working_set_ptr
                0x20001478                qtm_raw_data_measurements_ptr
                0x2000147c                . = ALIGN (0x4)
                0x2000147c                _ebss = .
                0x2000147c                _ezero = .

.stack          0x2000147c     0x2004 load address 0x00003e88
                0x20001480                . = ALIGN (0x8)
 *fill*         0x2000147c        0x4 
                0x20001480                _sstack = .
                0x20003480                . = (. + STACK_SIZE)
 *fill*         0x20001480     0x2000 
                0x20003480                . = ALIGN (0x8)
                0x20003480                _estack = .
                0x20003480                . = ALIGN (0x4)
                0x20003480                _end = .
OUTPUT(SAMD21_16X10.elf elf32-littlearm)

.ARM.attributes
                0x00000000       0x2d
 .ARM.attributes
                0x00000000       0x1e c:/program files (x86)/atmel/studio/7.0/toolchain/arm/arm-gnu-toolchain/bin/../lib/gcc/arm-none-eabi/6.3.1/thumb/v6-m/crti.o
 .ARM.attributes
                0x0000001e       0x2c c:/program files (x86)/atmel/studio/7.0/toolchain/arm/arm-gnu-toolchain/bin/../lib/gcc/arm-none-eabi/6.3.1/thumb/v6-m/crtbegin.o
 .ARM.attributes
                0x0000004a       0x32 atmel_start.o
 .ARM.attributes
                0x0000007c       0x32 Device_Startup/startup_samd21.o
 .ARM.attributes
                0x000000ae       0x32 driver_init.o
 .ARM.attributes
                0x000000e0       0x32 examples/touch_example.o
 .ARM.attributes
                0x00000112       0x32 hal/src/hal_atomic.o
 .ARM.attributes
                0x00000144       0x32 hal/src/hal_io.o
 .ARM.attributes
                0x00000176       0x32 hal/src/hal_timer.o
 .ARM.attributes
                0x000001a8       0x32 hal/src/hal_usart_async.o
 .ARM.attributes
                0x000001da       0x32 hal/utils/src/utils_assert.o
 .ARM.attributes
                0x0000020c       0x32 hal/utils/src/utils_list.o
 .ARM.attributes
                0x0000023e       0x32 hal/utils/src/utils_ringbuffer.o
 .ARM.attributes
                0x00000270       0x32 hpl/core/hpl_init.o
 .ARM.attributes
                0x000002a2       0x32 hpl/gclk/hpl_gclk.o
 .ARM.attributes
                0x000002d4       0x32 hpl/pm/hpl_pm.o
 .ARM.attributes
                0x00000306       0x32 hpl/rtc/hpl_rtc.o
 .ARM.attributes
                0x00000338       0x32 hpl/sercom/hpl_sercom.o
 .ARM.attributes
                0x0000036a       0x32 hpl/sysctrl/hpl_sysctrl.o
 .ARM.attributes
                0x0000039c       0x32 main.o
 .ARM.attributes
                0x000003ce       0x32 qtouch/datastreamer/datastreamer_UART_sam.o
 .ARM.attributes
                0x00000400       0x32 qtouch/touch.o
 .ARM.attributes
                0x00000432       0x30 ..\qtouch\lib\gcc\libqtm_touch_key_cm0p_0x0002.a(sam_touch_key_g_cm0p.o)
 .ARM.attributes
                0x00000462       0x32 ..\qtouch\lib\gcc\libqtm_acq_samd21_0x0024.a(sam_acq_g_samd21.o)
 .ARM.attributes
                0x00000494       0x1e c:/program files (x86)/atmel/studio/7.0/toolchain/arm/arm-gnu-toolchain/bin/../lib/gcc/arm-none-eabi/6.3.1/thumb/v6-m\libgcc.a(_thumb1_case_uhi.o)
 .ARM.attributes
                0x000004b2       0x1e c:/program files (x86)/atmel/studio/7.0/toolchain/arm/arm-gnu-toolchain/bin/../lib/gcc/arm-none-eabi/6.3.1/thumb/v6-m\libgcc.a(_udivsi3.o)
 .ARM.attributes
                0x000004d0       0x1e c:/program files (x86)/atmel/studio/7.0/toolchain/arm/arm-gnu-toolchain/bin/../lib/gcc/arm-none-eabi/6.3.1/thumb/v6-m\libgcc.a(_dvmd_tls.o)
 .ARM.attributes
                0x000004ee       0x2c c:/program files (x86)/atmel/studio/7.0/toolchain/arm/arm-gnu-toolchain/bin/../lib/gcc/arm-none-eabi/6.3.1/../../../../arm-none-eabi/lib/thumb/v6-m\libc_nano.a(lib_a-init.o)
 .ARM.attributes
                0x0000051a       0x2c c:/program files (x86)/atmel/studio/7.0/toolchain/arm/arm-gnu-toolchain/bin/../lib/gcc/arm-none-eabi/6.3.1/../../../../arm-none-eabi/lib/thumb/v6-m\libc_nano.a(lib_a-memset.o)
 .ARM.attributes
                0x00000546       0x1c c:/program files (x86)/atmel/studio/7.0/toolchain/arm/arm-gnu-toolchain/bin/../lib/gcc/arm-none-eabi/6.3.1/../../../../arm-none-eabi/lib/thumb/v6-m\libc_nano.a(lib_a-strlen.o)
 .ARM.attributes
                0x00000562       0x2c c:/program files (x86)/atmel/studio/7.0/toolchain/arm/arm-gnu-toolchain/bin/../lib/gcc/arm-none-eabi/6.3.1/../../../../arm-none-eabi/lib/thumb/v6-m\libc_nano.a(lib_a-utoa.o)
 .ARM.attributes
                0x0000058e       0x2c c:/program files (x86)/atmel/studio/7.0/toolchain/arm/arm-gnu-toolchain/bin/../lib/gcc/arm-none-eabi/6.3.1/../../../../arm-none-eabi/lib/thumb/v6-m\libc_nano.a(lib_a-memcpy-stub.o)
 .ARM.attributes
                0x000005ba       0x1e c:/program files (x86)/atmel/studio/7.0/toolchain/arm/arm-gnu-toolchain/bin/../lib/gcc/arm-none-eabi/6.3.1/thumb/v6-m/crtn.o

.comment        0x00000000       0xc7
 .comment       0x00000000       0x59 atmel_start.o
                                 0x5a (size before relaxing)
 .comment       0x00000059       0x5a Device_Startup/startup_samd21.o
 .comment       0x00000059       0x5a driver_init.o
 .comment       0x00000059       0x5a examples/touch_example.o
 .comment       0x00000059       0x5a hal/src/hal_atomic.o
 .comment       0x00000059       0x5a hal/src/hal_io.o
 .comment       0x00000059       0x5a hal/src/hal_timer.o
 .comment       0x00000059       0x5a hal/src/hal_usart_async.o
 .comment       0x00000059       0x5a hal/utils/src/utils_assert.o
 .comment       0x00000059       0x5a hal/utils/src/utils_list.o
 .comment       0x00000059       0x5a hal/utils/src/utils_ringbuffer.o
 .comment       0x00000059       0x5a hpl/core/hpl_init.o
 .comment       0x00000059       0x5a hpl/gclk/hpl_gclk.o
 .comment       0x00000059       0x5a hpl/pm/hpl_pm.o
 .comment       0x00000059       0x5a hpl/rtc/hpl_rtc.o
 .comment       0x00000059       0x5a hpl/sercom/hpl_sercom.o
 .comment       0x00000059       0x5a hpl/sysctrl/hpl_sysctrl.o
 .comment       0x00000059       0x5a main.o
 .comment       0x00000059       0x5a qtouch/datastreamer/datastreamer_UART_sam.o
 .comment       0x00000059       0x5a qtouch/touch.o
 .comment       0x00000059       0x6e ..\qtouch\lib\gcc\libqtm_touch_key_cm0p_0x0002.a(sam_touch_key_g_cm0p.o)
                                 0x6f (size before relaxing)
 .comment       0x000000c7       0x6f ..\qtouch\lib\gcc\libqtm_acq_samd21_0x0024.a(sam_acq_g_samd21.o)

.debug_info     0x00000000    0x23e79
 .debug_info    0x00000000      0x4ec atmel_start.o
 .debug_info    0x000004ec     0x3a28 Device_Startup/startup_samd21.o
 .debug_info    0x00003f14     0x8bb6 driver_init.o
 .debug_info    0x0000caca     0x1182 examples/touch_example.o
 .debug_info    0x0000dc4c      0x1d1 hal/src/hal_atomic.o
 .debug_info    0x0000de1d      0x2b2 hal/src/hal_io.o
 .debug_info    0x0000e0cf      0xbb7 hal/src/hal_timer.o
 .debug_info    0x0000ec86     0x1366 hal/src/hal_usart_async.o
 .debug_info    0x0000ffec      0x107 hal/utils/src/utils_assert.o
 .debug_info    0x000100f3      0x310 hal/utils/src/utils_list.o
 .debug_info    0x00010403      0x313 hal/utils/src/utils_ringbuffer.o
 .debug_info    0x00010716      0x68a hpl/core/hpl_init.o
 .debug_info    0x00010da0      0x745 hpl/gclk/hpl_gclk.o
 .debug_info    0x000114e5      0xc6d hpl/pm/hpl_pm.o
 .debug_info    0x00012152     0x207b hpl/rtc/hpl_rtc.o
 .debug_info    0x000141cd     0xb74d hpl/sercom/hpl_sercom.o
 .debug_info    0x0001f91a     0x1a16 hpl/sysctrl/hpl_sysctrl.o
 .debug_info    0x00021330      0x4f0 main.o
 .debug_info    0x00021820     0x1450 qtouch/datastreamer/datastreamer_UART_sam.o
 .debug_info    0x00022c70     0x1209 qtouch/touch.o

.debug_abbrev   0x00000000     0x2998
 .debug_abbrev  0x00000000       0xea atmel_start.o
 .debug_abbrev  0x000000ea      0x234 Device_Startup/startup_samd21.o
 .debug_abbrev  0x0000031e      0x381 driver_init.o
 .debug_abbrev  0x0000069f      0x11f examples/touch_example.o
 .debug_abbrev  0x000007be      0x144 hal/src/hal_atomic.o
 .debug_abbrev  0x00000902      0x115 hal/src/hal_io.o
 .debug_abbrev  0x00000a17      0x221 hal/src/hal_timer.o
 .debug_abbrev  0x00000c38      0x29d hal/src/hal_usart_async.o
 .debug_abbrev  0x00000ed5       0x86 hal/utils/src/utils_assert.o
 .debug_abbrev  0x00000f5b      0x159 hal/utils/src/utils_list.o
 .debug_abbrev  0x000010b4      0x101 hal/utils/src/utils_ringbuffer.o
 .debug_abbrev  0x000011b5      0x1d9 hpl/core/hpl_init.o
 .debug_abbrev  0x0000138e      0x1c3 hpl/gclk/hpl_gclk.o
 .debug_abbrev  0x00001551      0x211 hpl/pm/hpl_pm.o
 .debug_abbrev  0x00001762      0x3cf hpl/rtc/hpl_rtc.o
 .debug_abbrev  0x00001b31      0x5b9 hpl/sercom/hpl_sercom.o
 .debug_abbrev  0x000020ea      0x285 hpl/sysctrl/hpl_sysctrl.o
 .debug_abbrev  0x0000236f       0xec main.o
 .debug_abbrev  0x0000245b      0x29e qtouch/datastreamer/datastreamer_UART_sam.o
 .debug_abbrev  0x000026f9      0x29f qtouch/touch.o

.debug_loc      0x00000000     0xb4a1
 .debug_loc     0x00000000       0x20 atmel_start.o
 .debug_loc     0x00000020       0x40 Device_Startup/startup_samd21.o
 .debug_loc     0x00000060      0x391 driver_init.o
 .debug_loc     0x000003f1       0x40 examples/touch_example.o
 .debug_loc     0x00000431       0x13 hal/src/hal_atomic.o
 .debug_loc     0x00000444      0x18a hal/src/hal_io.o
 .debug_loc     0x000005ce      0x761 hal/src/hal_timer.o
 .debug_loc     0x00000d2f      0xf97 hal/src/hal_usart_async.o
 .debug_loc     0x00001cc6      0x271 hal/utils/src/utils_list.o
 .debug_loc     0x00001f37      0x2d1 hal/utils/src/utils_ringbuffer.o
 .debug_loc     0x00002208       0x4c hpl/core/hpl_init.o
 .debug_loc     0x00002254      0x368 hpl/gclk/hpl_gclk.o
 .debug_loc     0x000025bc      0x11b hpl/pm/hpl_pm.o
 .debug_loc     0x000026d7      0x4c2 hpl/rtc/hpl_rtc.o
 .debug_loc     0x00002b99     0x829e hpl/sercom/hpl_sercom.o
 .debug_loc     0x0000ae37      0x2da hpl/sysctrl/hpl_sysctrl.o
 .debug_loc     0x0000b111       0x20 main.o
 .debug_loc     0x0000b131       0xaa qtouch/datastreamer/datastreamer_UART_sam.o
 .debug_loc     0x0000b1db      0x2c6 qtouch/touch.o

.debug_aranges  0x00000000      0x9c0
 .debug_aranges
                0x00000000       0x20 atmel_start.o
 .debug_aranges
                0x00000020       0x28 Device_Startup/startup_samd21.o
 .debug_aranges
                0x00000048       0x38 driver_init.o
 .debug_aranges
                0x00000080       0x28 examples/touch_example.o
 .debug_aranges
                0x000000a8       0x30 hal/src/hal_atomic.o
 .debug_aranges
                0x000000d8       0x30 hal/src/hal_io.o
 .debug_aranges
                0x00000108       0x70 hal/src/hal_timer.o
 .debug_aranges
                0x00000178       0xe0 hal/src/hal_usart_async.o
 .debug_aranges
                0x00000258       0x20 hal/utils/src/utils_assert.o
 .debug_aranges
                0x00000278       0x48 hal/utils/src/utils_list.o
 .debug_aranges
                0x000002c0       0x40 hal/utils/src/utils_ringbuffer.o
 .debug_aranges
                0x00000300       0x20 hpl/core/hpl_init.o
 .debug_aranges
                0x00000320       0x28 hpl/gclk/hpl_gclk.o
 .debug_aranges
                0x00000348       0x30 hpl/pm/hpl_pm.o
 .debug_aranges
                0x00000378       0x68 hpl/rtc/hpl_rtc.o
 .debug_aranges
                0x000003e0      0x4d0 hpl/sercom/hpl_sercom.o
 .debug_aranges
                0x000008b0       0x28 hpl/sysctrl/hpl_sysctrl.o
 .debug_aranges
                0x000008d8       0x20 main.o
 .debug_aranges
                0x000008f8       0x30 qtouch/datastreamer/datastreamer_UART_sam.o
 .debug_aranges
                0x00000928       0x98 qtouch/touch.o

.debug_ranges   0x00000000      0xf80
 .debug_ranges  0x00000000       0x10 atmel_start.o
 .debug_ranges  0x00000010       0x18 Device_Startup/startup_samd21.o
 .debug_ranges  0x00000028       0x28 driver_init.o
 .debug_ranges  0x00000050       0x18 examples/touch_example.o
 .debug_ranges  0x00000068       0x20 hal/src/hal_atomic.o
 .debug_ranges  0x00000088       0x20 hal/src/hal_io.o
 .debug_ranges  0x000000a8       0xa8 hal/src/hal_timer.o
 .debug_ranges  0x00000150       0xf0 hal/src/hal_usart_async.o
 .debug_ranges  0x00000240       0x10 hal/utils/src/utils_assert.o
 .debug_ranges  0x00000250       0x58 hal/utils/src/utils_list.o
 .debug_ranges  0x000002a8       0x30 hal/utils/src/utils_ringbuffer.o
 .debug_ranges  0x000002d8       0x10 hpl/core/hpl_init.o
 .debug_ranges  0x000002e8       0x18 hpl/gclk/hpl_gclk.o
 .debug_ranges  0x00000300       0x20 hpl/pm/hpl_pm.o
 .debug_ranges  0x00000320       0x58 hpl/rtc/hpl_rtc.o
 .debug_ranges  0x00000378      0xad8 hpl/sercom/hpl_sercom.o
 .debug_ranges  0x00000e50       0x60 hpl/sysctrl/hpl_sysctrl.o
 .debug_ranges  0x00000eb0       0x10 main.o
 .debug_ranges  0x00000ec0       0x38 qtouch/datastreamer/datastreamer_UART_sam.o
 .debug_ranges  0x00000ef8       0x88 qtouch/touch.o

.debug_macro    0x00000000    0x1a03f
 .debug_macro   0x00000000      0x581 atmel_start.o
 .debug_macro   0x00000581      0x89e atmel_start.o
 .debug_macro   0x00000e1f      0x16d atmel_start.o
 .debug_macro   0x00000f8c       0x22 atmel_start.o
 .debug_macro   0x00000fae       0x87 atmel_start.o
 .debug_macro   0x00001035       0x51 atmel_start.o
 .debug_macro   0x00001086       0xef atmel_start.o
 .debug_macro   0x00001175       0x6a atmel_start.o
 .debug_macro   0x000011df      0x1df atmel_start.o
 .debug_macro   0x000013be       0x22 atmel_start.o
 .debug_macro   0x000013e0       0x3f atmel_start.o
 .debug_macro   0x0000141f       0x1c atmel_start.o
 .debug_macro   0x0000143b       0x22 atmel_start.o
 .debug_macro   0x0000145d       0xb5 atmel_start.o
 .debug_macro   0x00001512      0x3ad atmel_start.o
 .debug_macro   0x000018bf      0x67e atmel_start.o
 .debug_macro   0x00001f3d      0x8b1 atmel_start.o
 .debug_macro   0x000027ee      0x22e atmel_start.o
 .debug_macro   0x00002a1c      0xd5c atmel_start.o
 .debug_macro   0x00003778      0x4dc atmel_start.o
 .debug_macro   0x00003c54      0x9f6 atmel_start.o
 .debug_macro   0x0000464a      0x82b atmel_start.o
 .debug_macro   0x00004e75      0x45f atmel_start.o
 .debug_macro   0x000052d4       0x5e atmel_start.o
 .debug_macro   0x00005332      0x8f9 atmel_start.o
 .debug_macro   0x00005c2b      0x21c atmel_start.o
 .debug_macro   0x00005e47      0x735 atmel_start.o
 .debug_macro   0x0000657c       0x5e atmel_start.o
 .debug_macro   0x000065da      0x632 atmel_start.o
 .debug_macro   0x00006c0c      0x3ac atmel_start.o
 .debug_macro   0x00006fb8      0xc76 atmel_start.o
 .debug_macro   0x00007c2e     0x1092 atmel_start.o
 .debug_macro   0x00008cc0      0xc4a atmel_start.o
 .debug_macro   0x0000990a      0x6ba atmel_start.o
 .debug_macro   0x00009fc4     0x1b3d atmel_start.o
 .debug_macro   0x0000bb01     0x143c atmel_start.o
 .debug_macro   0x0000cf3d      0x340 atmel_start.o
 .debug_macro   0x0000d27d       0x7c atmel_start.o
 .debug_macro   0x0000d2f9       0xa0 atmel_start.o
 .debug_macro   0x0000d399       0x4c atmel_start.o
 .debug_macro   0x0000d3e5       0xca atmel_start.o
 .debug_macro   0x0000d4af       0x94 atmel_start.o
 .debug_macro   0x0000d543       0x58 atmel_start.o
 .debug_macro   0x0000d59b      0x341 atmel_start.o
 .debug_macro   0x0000d8dc       0x82 atmel_start.o
 .debug_macro   0x0000d95e      0x189 atmel_start.o
 .debug_macro   0x0000dae7       0xb8 atmel_start.o
 .debug_macro   0x0000db9f       0xa0 atmel_start.o
 .debug_macro   0x0000dc3f       0xb2 atmel_start.o
 .debug_macro   0x0000dcf1       0x1c atmel_start.o
 .debug_macro   0x0000dd0d       0x1c atmel_start.o
 .debug_macro   0x0000dd29       0x1c atmel_start.o
 .debug_macro   0x0000dd45       0x7c atmel_start.o
 .debug_macro   0x0000ddc1      0x15a atmel_start.o
 .debug_macro   0x0000df1b       0x10 atmel_start.o
 .debug_macro   0x0000df2b       0xdc atmel_start.o
 .debug_macro   0x0000e007      0x124 atmel_start.o
 .debug_macro   0x0000e12b      0x124 atmel_start.o
 .debug_macro   0x0000e24f      0x124 atmel_start.o
 .debug_macro   0x0000e373      0x124 atmel_start.o
 .debug_macro   0x0000e497      0x124 atmel_start.o
 .debug_macro   0x0000e5bb      0x124 atmel_start.o
 .debug_macro   0x0000e6df      0x124 atmel_start.o
 .debug_macro   0x0000e803       0xe2 atmel_start.o
 .debug_macro   0x0000e8e5       0xe2 atmel_start.o
 .debug_macro   0x0000e9c7       0xe2 atmel_start.o
 .debug_macro   0x0000eaa9       0xe2 atmel_start.o
 .debug_macro   0x0000eb8b       0xe2 atmel_start.o
 .debug_macro   0x0000ec6d      0x12a atmel_start.o
 .debug_macro   0x0000ed97      0x100 atmel_start.o
 .debug_macro   0x0000ee97       0xf4 atmel_start.o
 .debug_macro   0x0000ef8b      0x40f atmel_start.o
 .debug_macro   0x0000f39a       0x40 atmel_start.o
 .debug_macro   0x0000f3da      0x392 atmel_start.o
 .debug_macro   0x0000f76c     0x1fb0 atmel_start.o
 .debug_macro   0x0001171c       0x6d atmel_start.o
 .debug_macro   0x00011789       0x10 atmel_start.o
 .debug_macro   0x00011799       0x10 atmel_start.o
 .debug_macro   0x000117a9       0x16 atmel_start.o
 .debug_macro   0x000117bf       0x16 atmel_start.o
 .debug_macro   0x000117d5       0x16 atmel_start.o
 .debug_macro   0x000117eb       0x16 atmel_start.o
 .debug_macro   0x00011801       0x16 atmel_start.o
 .debug_macro   0x00011817       0x16 atmel_start.o
 .debug_macro   0x0001182d       0x16 atmel_start.o
 .debug_macro   0x00011843       0x16 atmel_start.o
 .debug_macro   0x00011859       0x16 atmel_start.o
 .debug_macro   0x0001186f       0x16 atmel_start.o
 .debug_macro   0x00011885       0x16 atmel_start.o
 .debug_macro   0x0001189b       0x16 atmel_start.o
 .debug_macro   0x000118b1       0x16 atmel_start.o
 .debug_macro   0x000118c7       0x16 atmel_start.o
 .debug_macro   0x000118dd      0x4c3 atmel_start.o
 .debug_macro   0x00011da0       0x94 atmel_start.o
 .debug_macro   0x00011e34       0x16 atmel_start.o
 .debug_macro   0x00011e4a       0x6a atmel_start.o
 .debug_macro   0x00011eb4      0x28c atmel_start.o
 .debug_macro   0x00012140      0x4d8 atmel_start.o
 .debug_macro   0x00012618       0x16 atmel_start.o
 .debug_macro   0x0001262e       0xca atmel_start.o
 .debug_macro   0x000126f8       0x1c atmel_start.o
 .debug_macro   0x00012714       0x16 atmel_start.o
 .debug_macro   0x0001272a       0xdc atmel_start.o
 .debug_macro   0x00012806       0xeb atmel_start.o
 .debug_macro   0x000128f1       0x10 atmel_start.o
 .debug_macro   0x00012901       0xbf atmel_start.o
 .debug_macro   0x000129c0       0x1c atmel_start.o
 .debug_macro   0x000129dc      0x936 atmel_start.o
 .debug_macro   0x00013312      0x310 Device_Startup/startup_samd21.o
 .debug_macro   0x00013622       0x39 Device_Startup/startup_samd21.o
 .debug_macro   0x0001365b      0x564 driver_init.o
 .debug_macro   0x00013bbf       0x3b driver_init.o
 .debug_macro   0x00013bfa       0xc9 driver_init.o
 .debug_macro   0x00013cc3      0x58c examples/touch_example.o
 .debug_macro   0x0001424f      0x43e hal/src/hal_atomic.o
 .debug_macro   0x0001468d      0x451 hal/src/hal_io.o
 .debug_macro   0x00014ade      0x484 hal/src/hal_timer.o
 .debug_macro   0x00014f62      0x49a hal/src/hal_usart_async.o
 .debug_macro   0x000153fc      0x447 hal/utils/src/utils_assert.o
 .debug_macro   0x00015843       0x10 hal/utils/src/utils_assert.o
 .debug_macro   0x00015853      0x44b hal/utils/src/utils_list.o
 .debug_macro   0x00015c9e      0x44b hal/utils/src/utils_ringbuffer.o
 .debug_macro   0x000160e9      0x4b8 hpl/core/hpl_init.o
 .debug_macro   0x000165a1       0x2e hpl/core/hpl_init.o
 .debug_macro   0x000165cf      0x6ec hpl/core/hpl_init.o
 .debug_macro   0x00016cbb      0x45a hpl/gclk/hpl_gclk.o
 .debug_macro   0x00017115      0x1f3 hpl/gclk/hpl_gclk.o
 .debug_macro   0x00017308      0x47d hpl/pm/hpl_pm.o
 .debug_macro   0x00017785      0x482 hpl/rtc/hpl_rtc.o
 .debug_macro   0x00017c07       0x64 hpl/rtc/hpl_rtc.o
 .debug_macro   0x00017c6b      0x686 hpl/sercom/hpl_sercom.o
 .debug_macro   0x000182f1       0x70 hpl/sercom/hpl_sercom.o
 .debug_macro   0x00018361       0xba hpl/sercom/hpl_sercom.o
 .debug_macro   0x0001841b       0x10 hpl/sercom/hpl_sercom.o
 .debug_macro   0x0001842b       0x1c hpl/sercom/hpl_sercom.o
 .debug_macro   0x00018447       0x22 hpl/sercom/hpl_sercom.o
 .debug_macro   0x00018469       0x10 hpl/sercom/hpl_sercom.o
 .debug_macro   0x00018479      0x454 hpl/sysctrl/hpl_sysctrl.o
 .debug_macro   0x000188cd      0x2da hpl/sysctrl/hpl_sysctrl.o
 .debug_macro   0x00018ba7      0x58c main.o
 .debug_macro   0x00019133      0x6ad qtouch/datastreamer/datastreamer_UART_sam.o
 .debug_macro   0x000197e0       0x28 qtouch/datastreamer/datastreamer_UART_sam.o
 .debug_macro   0x00019808       0x22 qtouch/datastreamer/datastreamer_UART_sam.o
 .debug_macro   0x0001982a      0x1e1 qtouch/datastreamer/datastreamer_UART_sam.o
 .debug_macro   0x00019a0b       0x16 qtouch/datastreamer/datastreamer_UART_sam.o
 .debug_macro   0x00019a21       0x16 qtouch/datastreamer/datastreamer_UART_sam.o
 .debug_macro   0x00019a37       0x29 qtouch/datastreamer/datastreamer_UART_sam.o
 .debug_macro   0x00019a60       0x16 qtouch/datastreamer/datastreamer_UART_sam.o
 .debug_macro   0x00019a76      0x59b qtouch/touch.o
 .debug_macro   0x0001a011       0x2e qtouch/touch.o

.debug_line     0x00000000     0xf4b5
 .debug_line    0x00000000      0xb63 atmel_start.o
 .debug_line    0x00000b63      0x709 Device_Startup/startup_samd21.o
 .debug_line    0x0000126c      0xbac driver_init.o
 .debug_line    0x00001e18      0xc37 examples/touch_example.o
 .debug_line    0x00002a4f      0x986 hal/src/hal_atomic.o
 .debug_line    0x000033d5      0x99a hal/src/hal_io.o
 .debug_line    0x00003d6f      0xb2f hal/src/hal_timer.o
 .debug_line    0x0000489e      0xc75 hal/src/hal_usart_async.o
 .debug_line    0x00005513      0x950 hal/utils/src/utils_assert.o
 .debug_line    0x00005e63      0x9e4 hal/utils/src/utils_list.o
 .debug_line    0x00006847      0x9ef hal/utils/src/utils_ringbuffer.o
 .debug_line    0x00007236      0xa31 hpl/core/hpl_init.o
 .debug_line    0x00007c67      0xa0a hpl/gclk/hpl_gclk.o
 .debug_line    0x00008671      0x9f6 hpl/pm/hpl_pm.o
 .debug_line    0x00009067      0xb75 hpl/rtc/hpl_rtc.o
 .debug_line    0x00009bdc     0x290f hpl/sercom/hpl_sercom.o
 .debug_line    0x0000c4eb      0xab0 hpl/sysctrl/hpl_sysctrl.o
 .debug_line    0x0000cf9b      0xb80 main.o
 .debug_line    0x0000db1b      0xcc0 qtouch/datastreamer/datastreamer_UART_sam.o
 .debug_line    0x0000e7db      0xcda qtouch/touch.o

.debug_str      0x00000000    0x8ff4f
 .debug_str     0x00000000    0x804df atmel_start.o
                              0x8097d (size before relaxing)
 .debug_str     0x000804df     0x10ae Device_Startup/startup_samd21.o
                              0x71798 (size before relaxing)
 .debug_str     0x0008158d     0x186c driver_init.o
                              0x7c0fe (size before relaxing)
 .debug_str     0x00082df9       0x92 examples/touch_example.o
                              0x809d4 (size before relaxing)
 .debug_str     0x00082e8b       0xb7 hal/src/hal_atomic.o
                              0x79254 (size before relaxing)
 .debug_str     0x00082f42       0x44 hal/src/hal_io.o
                              0x79301 (size before relaxing)
 .debug_str     0x00082f86      0x2cc hal/src/hal_timer.o
                              0x79b93 (size before relaxing)
 .debug_str     0x00083252      0x694 hal/src/hal_usart_async.o
                              0x7a16b (size before relaxing)
 .debug_str     0x000838e6       0x2a hal/utils/src/utils_assert.o
                              0x79264 (size before relaxing)
 .debug_str     0x00083910       0x31 hal/utils/src/utils_list.o
                              0x7930e (size before relaxing)
 .debug_str     0x00083941       0x24 hal/utils/src/utils_ringbuffer.o
                              0x7930a (size before relaxing)
 .debug_str     0x00083965     0x17d7 hpl/core/hpl_init.o
                              0x7ae14 (size before relaxing)
 .debug_str     0x0008513c      0x855 hpl/gclk/hpl_gclk.o
                              0x79b87 (size before relaxing)
 .debug_str     0x00085991      0x194 hpl/pm/hpl_pm.o
                              0x79973 (size before relaxing)
 .debug_str     0x00085b25      0x534 hpl/rtc/hpl_rtc.o
                              0x79d94 (size before relaxing)
 .debug_str     0x00086059     0x47d2 hpl/sercom/hpl_sercom.o
                              0x7efcc (size before relaxing)
 .debug_str     0x0008a82b     0x1340 hpl/sysctrl/hpl_sysctrl.o
                              0x7a786 (size before relaxing)
 .debug_str     0x0008bb6b        0xc main.o
                              0x80984 (size before relaxing)
 .debug_str     0x0008bb77     0x3bea qtouch/datastreamer/datastreamer_UART_sam.o
                              0x8466f (size before relaxing)
 .debug_str     0x0008f761      0x7ee qtouch/touch.o
                              0x817b3 (size before relaxing)

.debug_frame    0x00000000     0x194c
 .debug_frame   0x00000000       0x28 atmel_start.o
 .debug_frame   0x00000028       0x40 Device_Startup/startup_samd21.o
 .debug_frame   0x00000068       0x74 driver_init.o
 .debug_frame   0x000000dc       0x44 examples/touch_example.o
 .debug_frame   0x00000120       0x40 hal/src/hal_atomic.o
 .debug_frame   0x00000160       0x58 hal/src/hal_io.o
 .debug_frame   0x000001b8      0x14c hal/src/hal_timer.o
 .debug_frame   0x00000304      0x2ac hal/src/hal_usart_async.o
 .debug_frame   0x000005b0       0x20 hal/utils/src/utils_assert.o
 .debug_frame   0x000005d0       0x88 hal/utils/src/utils_list.o
 .debug_frame   0x00000658       0x94 hal/utils/src/utils_ringbuffer.o
 .debug_frame   0x000006ec       0x28 hpl/core/hpl_init.o
 .debug_frame   0x00000714       0x30 hpl/gclk/hpl_gclk.o
 .debug_frame   0x00000744       0x40 hpl/pm/hpl_pm.o
 .debug_frame   0x00000784       0xdc hpl/rtc/hpl_rtc.o
 .debug_frame   0x00000860      0xdf4 hpl/sercom/hpl_sercom.o
 .debug_frame   0x00001654       0x30 hpl/sysctrl/hpl_sysctrl.o
 .debug_frame   0x00001684       0x28 main.o
 .debug_frame   0x000016ac       0x6c qtouch/datastreamer/datastreamer_UART_sam.o
 .debug_frame   0x00001718      0x158 qtouch/touch.o
 .debug_frame   0x00001870       0x20 c:/program files (x86)/atmel/studio/7.0/toolchain/arm/arm-gnu-toolchain/bin/../lib/gcc/arm-none-eabi/6.3.1/thumb/v6-m\libgcc.a(_udivsi3.o)
 .debug_frame   0x00001890       0x2c c:/program files (x86)/atmel/studio/7.0/toolchain/arm/arm-gnu-toolchain/bin/../lib/gcc/arm-none-eabi/6.3.1/../../../../arm-none-eabi/lib/thumb/v6-m\libc_nano.a(lib_a-init.o)
 .debug_frame   0x000018bc       0x20 c:/program files (x86)/atmel/studio/7.0/toolchain/arm/arm-gnu-toolchain/bin/../lib/gcc/arm-none-eabi/6.3.1/../../../../arm-none-eabi/lib/thumb/v6-m\libc_nano.a(lib_a-memset.o)
 .debug_frame   0x000018dc       0x48 c:/program files (x86)/atmel/studio/7.0/toolchain/arm/arm-gnu-toolchain/bin/../lib/gcc/arm-none-eabi/6.3.1/../../../../arm-none-eabi/lib/thumb/v6-m\libc_nano.a(lib_a-utoa.o)
 .debug_frame   0x00001924       0x28 c:/program files (x86)/atmel/studio/7.0/toolchain/arm/arm-gnu-toolchain/bin/../lib/gcc/arm-none-eabi/6.3.1/../../../../arm-none-eabi/lib/thumb/v6-m\libc_nano.a(lib_a-memcpy-stub.o)
